// Jest Snapshot v1, https://goo.gl/fbAQLP

exports[`<Modal> Modal Component render full modal 1`] = `
<DocumentFragment>
  <div
    class="Default-root-16"
  >
    <button>
      fechar
    </button>
    Default Modal
  </div>
</DocumentFragment>
`;
