// Jest Snapshot v1, https://goo.gl/fbAQLP

exports[`<snackContext /> if render 1`] = `
<DocumentFragment>
  <snackcontext />
</DocumentFragment>
`;
