// Jest Snapshot v1, https://goo.gl/fbAQLP

exports[`<SnackBarWrapper /> if render 1`] = `
<DocumentFragment>
  <div />
</DocumentFragment>
`;
